// Jest Snapshot v1, https://goo.gl/fbAQLP

exports[`Missions Missions are rendered correctly 1`] = `
Object {
  "asFragment": [Function],
  "baseElement": <body>
    <div>
      <section
        class="missionsPage"
      >
        <div
          class="missionTable"
        >
          <div
            class="column"
          >
            <h3>
              Missions
            </h3>
            <div>
              No missions available
            </div>
          </div>
          <div
            class="column"
          >
            <h3>
              Descriptions
            </h3>
            <div>
              No descriptions available
            </div>
          </div>
          <div
            class="column"
          >
            <h3>
              Status
            </h3>
          </div>
          <div
            class="column"
          >
            <h3>
              Actions
            </h3>
          </div>
        </div>
      </section>
    </div>
  </body>,
  "container": <div>
    <section
      class="missionsPage"
    >
      <div
        class="missionTable"
      >
        <div
          class="column"
        >
          <h3>
            Missions
          </h3>
          <div>
            No missions available
          </div>
        </div>
        <div
          class="column"
        >
          <h3>
            Descriptions
          </h3>
          <div>
            No descriptions available
          </div>
        </div>
        <div
          class="column"
        >
          <h3>
            Status
          </h3>
        </div>
        <div
          class="column"
        >
          <h3>
            Actions
          </h3>
        </div>
      </div>
    </section>
  </div>,
  "debug": [Function],
  "findAllByAltText": [Function],
  "findAllByDisplayValue": [Function],
  "findAllByLabelText": [Function],
  "findAllByPlaceholderText": [Function],
  "findAllByRole": [Function],
  "findAllByTestId": [Function],
  "findAllByText": [Function],
  "findAllByTitle": [Function],
  "findByAltText": [Function],
  "findByDisplayValue": [Function],
  "findByLabelText": [Function],
  "findByPlaceholderText": [Function],
  "findByRole": [Function],
  "findByTestId": [Function],
  "findByText": [Function],
  "findByTitle": [Function],
  "getAllByAltText": [Function],
  "getAllByDisplayValue": [Function],
  "getAllByLabelText": [Function],
  "getAllByPlaceholderText": [Function],
  "getAllByRole": [Function],
  "getAllByTestId": [Function],
  "getAllByText": [Function],
  "getAllByTitle": [Function],
  "getByAltText": [Function],
  "getByDisplayValue": [Function],
  "getByLabelText": [Function],
  "getByPlaceholderText": [Function],
  "getByRole": [Function],
  "getByTestId": [Function],
  "getByText": [Function],
  "getByTitle": [Function],
  "queryAllByAltText": [Function],
  "queryAllByDisplayValue": [Function],
  "queryAllByLabelText": [Function],
  "queryAllByPlaceholderText": [Function],
  "queryAllByRole": [Function],
  "queryAllByTestId": [Function],
  "queryAllByText": [Function],
  "queryAllByTitle": [Function],
  "queryByAltText": [Function],
  "queryByDisplayValue": [Function],
  "queryByLabelText": [Function],
  "queryByPlaceholderText": [Function],
  "queryByRole": [Function],
  "queryByTestId": [Function],
  "queryByText": [Function],
  "queryByTitle": [Function],
  "rerender": [Function],
  "unmount": [Function],
}
`;
